{
  "version": 1,
  "features": [
    {
      "id": "settings-masking",
      "state": "available",
      "reason": "the generated --settings file is not a sideload flag and cannot be disabled by policy; keys that managed settings lock (force-enabled plugins) still win"
    },
    {
      "id": "hide-connectors",
      "state": "available",
      "reason": "disableClaudeAiConnectors is valid in any settings file"
    },
    {
      "id": "deny-mcp-servers",
      "state": "available",
      "reason": "deniedMcpServers is valid in any settings file; entries need full server names such as plugin:context7:context7"
    },
    {
      "id": "add-mcp-config",
      "state": "unknown",
      "reason": "a managed source exists but could not be read, so disableSideloadFlags is not known"
    },
    {
      "id": "strict-mcp-config",
      "state": "unknown",
      "reason": "a managed source exists but could not be read, so disableSideloadFlags is not known"
    },
    {
      "id": "plugin-dir",
      "state": "unknown",
      "reason": "a managed source exists but could not be read, so disableSideloadFlags is not known"
    },
    {
      "id": "agents",
      "state": "unknown",
      "reason": "a managed source exists but could not be read, so disableSideloadFlags is not known"
    },
    {
      "id": "setting-sources",
      "state": "unknown",
      "reason": "a managed source exists but could not be read"
    },
    {
      "id": "append-system-prompt-file",
      "state": "available",
      "reason": "not a sideload flag"
    },
    {
      "id": "forced-plugins",
      "state": "available",
      "reason": "no plugin is force-enabled by policy"
    }
  ],
  "locked_plugins": [],
  "unknown": [
    "managed settings file /etc/claude-code/managed-settings.json: malformed: not valid JSON"
  ],
  "warnings": [],
  "partial_visibility": false,
  "partial_reasons": [],
  "server_managed_readable": false
}
