NAME      DESCRIPTION                                                PLUGINS
────────  ─────────────────────────────────────────────────────────  ───────
frontend  React, CSS and accessibility work                          3
sre       Incident response and observability for the platform team  12
日本語    wide characters ?[31mred?[0m                               1
short
